adeersws=
ams=
automation=
bda-petstore=
bioconductor=
biomedgt=
bridg=
bridg-model=
c3prv2=
caaersappdev=
caarray1x-data=
caarray2=
caas=
cab2b=
cabig-kc=
cabigmht=
cabiodb=
cactus=
cactuslite=
cactusranch=
cadsrapibench=
cadsrgrddatasvc=
cadsrsearchalgo=
cagrid-nhin-dmo=
cagwas=
caint-modules=
caintegrator=
caintegrator2=
calab=
camatchms=
candc=
cat=
ccts=
ccts-sec-reqs=
cctsportal=
cgems=
cgwb=
classification=
cma=
cnareport=
commonlibrary=
coppa=
cpas=
cql=
csp=
css=
ctms-forum=
ctmscommons=
ctmsenterinteg=
ctom=
dtsrpc3x=
eagle=
eccf-core-impl=
ent-resources=
ent-services=
euc=
evs-snippets=
evsops=
fangxin=
fhh=
firebird=
genepattern=
gpsxar=
grid-incubation=
grideploy=
htrack=
icrasbpwg=
icrsme=
ispy=
kaplan-meier=
lex-browser=
lexevs=
lexwiki=
logging=
lscat=
lsd=
lsdam=
ncia=
ncim=
ncit=
newterm=
openportal=
pasvc=
pkpdwebui=
plt=
pmbp=
pmrp=
posvc=
pro-ctcae=
protegegui=
pycabig=
rembrandt=
reportwriter=
sdsoncology=
security=
serviceloader=
smw-enhance=
spy-ii=
srl=
ssp-pm=
svndummy=
target=
target-dcc=
taverna-cagrid=
tbpt-hackathon=
tcga-dataportal=
tcgainformatics=
trworkbench=
ucumsdk=
vocabkc=
webgenome=
xiao=
